2025-07-03 00:19:05,506 [INFO] Starting structure preparation...
2025-07-03 00:19:05,506 [INFO] Preparing protein: cleaning, adding hydrogens, assigning Gasteiger charges, converting to PDBQT...
2025-07-03 00:19:05,506 [INFO] Running: /Users/ioannisleontaridis/mgltools_1.5.7_MacOS-X/bin/pythonsh /Users/ioannisleontaridis/mgltools_1.5.7_MacOS-X/MGLToolsPckgs/AutoDockTools/Utilities24/prepare_receptor4.py -r testing/1hsg.pdb -o protein_prepped.pdbqt -A hydrogens -U waters
2025-07-03 00:19:07,275 [INFO] Cleaning PDBQT formatting...
2025-07-03 00:19:07,287 [INFO] Cleaned PDBQT formatting in protein_prepped.pdbqt
2025-07-03 00:19:07,287 [INFO] Protein cleaned (waters removed), hydrogens added, Gasteiger charges assigned, and saved as: protein_prepped.pdbqt
2025-07-03 00:19:07,287 [INFO] Prepared protein file: protein_prepped.pdbqt
2025-07-03 00:19:07,287 [INFO] Ligand input detected as SMILES. Converting to RDKit molecule.
2025-07-03 00:19:07,293 [INFO] Generating 3D conformer...
2025-07-03 00:19:07,304 [INFO] Performing energy minimization...
2025-07-03 00:19:07,313 [INFO] Ligand converted and saved as: ligand_prepped.pdbqt
2025-07-03 00:19:07,313 [INFO] Ligand prepared: ligand_prepped.pdbqt
2025-07-03 00:19:07,313 [INFO] Structure preparation completed successfully
2025-07-03 00:27:49,679 [INFO] Discovered 3 ligand(s) to process
2025-07-03 00:27:49,679 [INFO] Discovered 1 ligand(s) to process
2025-07-03 00:27:50,449 [INFO] Strategy 2: Using largest detected cavity (volume: 9680.0 킨)
2025-07-03 00:27:50,450 [INFO] Discovered 3 ligand(s) to process
2025-07-03 00:28:07,805 [INFO] ================================================================================
2025-07-03 00:28:07,805 [INFO] STARTING BATCH MOLECULAR DOCKING PIPELINE
2025-07-03 00:28:07,805 [INFO] ================================================================================
2025-07-03 00:28:07,805 [INFO] Discovered 1 ligand(s) to process
2025-07-03 00:28:07,805 [INFO] Preparing protein structure: testing/1hsg.pdb
2025-07-03 00:28:07,805 [INFO] Preparing protein: cleaning, adding hydrogens, assigning Gasteiger charges, converting to PDBQT...
2025-07-03 00:28:07,805 [INFO] Running: /Users/ioannisleontaridis/mgltools_1.5.7_MacOS-X/bin/pythonsh /Users/ioannisleontaridis/mgltools_1.5.7_MacOS-X/MGLToolsPckgs/AutoDockTools/Utilities24/prepare_receptor4.py -r testing/1hsg.pdb -o protein_prepped.pdbqt -A hydrogens -U waters
2025-07-03 00:28:08,716 [ERROR] MGLTools failed: Traceback (most recent call last):
  File "/Users/ioannisleontaridis/mgltools_1.5.7_MacOS-X/MGLToolsPckgs/AutoDockTools/Utilities24/prepare_receptor4.py", line 148, in <module>
    mols = Read(receptor_filename)
  File "/Users/ioannisleontaridis/mgltools_1.5.7_MacOS-X/MGLToolsPckgs/MolKit/__init__.py", line 21, in Read
    raise AssertionError , "%s does't exist" %filename
AssertionError: testing/1hsg.pdb does't exist


2025-07-03 00:28:14,577 [INFO] ================================================================================
2025-07-03 00:28:14,577 [INFO] STARTING BATCH MOLECULAR DOCKING PIPELINE
2025-07-03 00:28:14,577 [INFO] ================================================================================
2025-07-03 00:28:14,577 [INFO] Discovered 1 ligand(s) to process
2025-07-03 00:28:14,578 [INFO] Preparing protein structure: /Users/ioannisleontaridis/Desktop/convexia-docking-wrapper/testing/1hsg.pdb
2025-07-03 00:28:14,578 [INFO] Preparing protein: cleaning, adding hydrogens, assigning Gasteiger charges, converting to PDBQT...
2025-07-03 00:28:14,578 [INFO] Running: /Users/ioannisleontaridis/mgltools_1.5.7_MacOS-X/bin/pythonsh /Users/ioannisleontaridis/mgltools_1.5.7_MacOS-X/MGLToolsPckgs/AutoDockTools/Utilities24/prepare_receptor4.py -r /Users/ioannisleontaridis/Desktop/convexia-docking-wrapper/testing/1hsg.pdb -o protein_prepped.pdbqt -A hydrogens -U waters
2025-07-03 00:28:15,635 [INFO] Cleaning PDBQT formatting...
2025-07-03 00:28:15,645 [INFO] Cleaned PDBQT formatting in protein_prepped.pdbqt
2025-07-03 00:28:15,645 [INFO] Protein cleaned (waters removed), hydrogens added, Gasteiger charges assigned, and saved as: protein_prepped.pdbqt
2025-07-03 00:28:15,646 [ERROR] Batch pipeline failed: [Errno 2] No such file or directory: 'demo_output/prepared_structures/1hsg_prepared.pdbqt'
2025-07-03 00:28:15,649 [DEBUG] Traceback: Traceback (most recent call last):
  File "/Library/Frameworks/Python.framework/Versions/3.10/lib/python3.10/shutil.py", line 815, in move
    os.rename(src, real_dst)
FileNotFoundError: [Errno 2] No such file or directory: 'protein_prepped.pdbqt' -> 'demo_output/prepared_structures/1hsg_prepared.pdbqt'

During handling of the above exception, another exception occurred:

Traceback (most recent call last):
  File "/Users/ioannisleontaridis/Desktop/convexia-docking-wrapper/batch_pipeline.py", line 412, in run_batch_pipeline
    prepared_protein = self.prepare_protein_once(protein_file)
  File "/Users/ioannisleontaridis/Desktop/convexia-docking-wrapper/batch_pipeline.py", line 215, in prepare_protein_once
    shutil.move(prepared_file, prepared_protein)
  File "/Library/Frameworks/Python.framework/Versions/3.10/lib/python3.10/shutil.py", line 835, in move
    copy_function(src, real_dst)
  File "/Library/Frameworks/Python.framework/Versions/3.10/lib/python3.10/shutil.py", line 434, in copy2
    copyfile(src, dst, follow_symlinks=follow_symlinks)
  File "/Library/Frameworks/Python.framework/Versions/3.10/lib/python3.10/shutil.py", line 256, in copyfile
    with open(dst, 'wb') as fdst:
FileNotFoundError: [Errno 2] No such file or directory: 'demo_output/prepared_structures/1hsg_prepared.pdbqt'

2025-07-03 00:29:22,992 [INFO] Discovered 3 ligand(s) to process
2025-07-03 00:29:22,992 [INFO] Discovered 1 ligand(s) to process
2025-07-03 00:29:23,525 [INFO] Strategy 2: Using largest detected cavity (volume: 9680.0 킨)
2025-07-03 00:29:23,526 [INFO] Discovered 3 ligand(s) to process
2025-07-03 00:30:37,192 [INFO] Discovered 3 ligand(s) to process
2025-07-03 00:30:37,192 [INFO] Discovered 1 ligand(s) to process
2025-07-03 00:30:37,740 [INFO] Strategy 2: Using largest detected cavity (volume: 9680.0 킨)
2025-07-03 00:30:37,741 [INFO] Discovered 3 ligand(s) to process
2025-07-03 00:31:29,335 [INFO] Discovered 3 ligand(s) to process
2025-07-03 00:31:29,335 [INFO] Discovered 1 ligand(s) to process
2025-07-03 00:31:29,850 [INFO] Strategy 2: Using largest detected cavity (volume: 9680.0 킨)
2025-07-03 00:31:29,851 [INFO] Discovered 3 ligand(s) to process
